2026-05-14 23:41:34,936 INFO o.a.j.u.JMeterUtils: Setting Locale to en_EN
2026-05-14 23:41:34,951 INFO o.a.j.JMeter: Loading user properties from: /Users/ivanmironov/Projects/itmo/testing/testing-lab-4/apache-jmeter-5.6.3/bin/user.properties
2026-05-14 23:41:34,952 INFO o.a.j.JMeter: Loading system properties from: /Users/ivanmironov/Projects/itmo/testing/testing-lab-4/apache-jmeter-5.6.3/bin/system.properties
2026-05-14 23:41:34,955 INFO o.a.j.JMeter: Copyright (c) 1998-2024 The Apache Software Foundation
2026-05-14 23:41:34,955 INFO o.a.j.JMeter: Version 5.6.3
2026-05-14 23:41:34,955 INFO o.a.j.JMeter: java.version=22.0.1
2026-05-14 23:41:34,955 INFO o.a.j.JMeter: java.vm.name=Java HotSpot(TM) 64-Bit Server VM
2026-05-14 23:41:34,955 INFO o.a.j.JMeter: os.name=Mac OS X
2026-05-14 23:41:34,955 INFO o.a.j.JMeter: os.arch=aarch64
2026-05-14 23:41:34,955 INFO o.a.j.JMeter: os.version=26.3.1
2026-05-14 23:41:34,955 INFO o.a.j.JMeter: file.encoding=UTF-8
2026-05-14 23:41:34,955 INFO o.a.j.JMeter: java.awt.headless=true
2026-05-14 23:41:34,955 INFO o.a.j.JMeter: Max memory     =1073741824
2026-05-14 23:41:34,955 INFO o.a.j.JMeter: Available Processors =8
2026-05-14 23:41:34,961 INFO o.a.j.JMeter: Default Locale=English (EN)
2026-05-14 23:41:34,961 INFO o.a.j.JMeter: JMeter  Locale=English (EN)
2026-05-14 23:41:34,962 INFO o.a.j.JMeter: JMeterHome=/Users/ivanmironov/Projects/itmo/testing/testing-lab-4/apache-jmeter-5.6.3
2026-05-14 23:41:34,962 INFO o.a.j.JMeter: user.dir  =/Users/ivanmironov/Projects/itmo/testing/testing-lab-4
2026-05-14 23:41:34,962 INFO o.a.j.JMeter: PWD       =/Users/ivanmironov/Projects/itmo/testing/testing-lab-4
2026-05-14 23:41:34,964 INFO o.a.j.JMeter: IP: 127.0.0.1 Name: MacBook-Pro-Ivan-5.local FullName: localhost
2026-05-14 23:41:34,972 INFO o.a.j.JMeter: Setting property 'jmeter.reportgenerator.outputdir' to:'/Users/ivanmironov/Projects/itmo/testing/testing-lab-4/html_report'
2026-05-14 23:41:34,974 INFO o.a.j.s.FileServer: Default base='/Users/ivanmironov/Projects/itmo/testing/testing-lab-4'
2026-05-14 23:41:34,975 INFO o.a.j.s.FileServer: Set new base='/Users/ivanmironov/Projects/itmo/testing/testing-lab-4'
2026-05-14 23:41:35,071 INFO o.a.j.s.SaveService: Testplan (JMX) version: 2.2. Testlog (JTL) version: 2.2
2026-05-14 23:41:35,095 INFO o.a.j.s.SaveService: Using SaveService properties version 5.0
2026-05-14 23:41:35,096 INFO o.a.j.s.SaveService: Using SaveService properties file encoding UTF-8
2026-05-14 23:41:35,098 INFO o.a.j.s.SaveService: Loading file: stress-test.jmx
2026-05-14 23:41:35,143 INFO o.a.j.p.h.s.HTTPSamplerBase: Parser for text/html is org.apache.jmeter.protocol.http.parser.LagartoBasedHtmlParser
2026-05-14 23:41:35,143 INFO o.a.j.p.h.s.HTTPSamplerBase: Parser for application/xhtml+xml is org.apache.jmeter.protocol.http.parser.LagartoBasedHtmlParser
2026-05-14 23:41:35,143 INFO o.a.j.p.h.s.HTTPSamplerBase: Parser for application/xml is org.apache.jmeter.protocol.http.parser.LagartoBasedHtmlParser
2026-05-14 23:41:35,143 INFO o.a.j.p.h.s.HTTPSamplerBase: Parser for text/xml is org.apache.jmeter.protocol.http.parser.LagartoBasedHtmlParser
2026-05-14 23:41:35,143 INFO o.a.j.p.h.s.HTTPSamplerBase: Parser for text/vnd.wap.wml is org.apache.jmeter.protocol.http.parser.RegexpHTMLParser
2026-05-14 23:41:35,143 INFO o.a.j.p.h.s.HTTPSamplerBase: Parser for text/css is org.apache.jmeter.protocol.http.parser.CssParser
2026-05-14 23:41:35,164 INFO o.a.j.JMeter: Creating summariser <summary>
2026-05-14 23:41:35,167 INFO o.a.j.r.d.ReportGenerator: ReportGenerator will use for Parsing the separator: ','
2026-05-14 23:41:35,167 INFO o.a.j.r.d.ReportGenerator: Will generate report at end of test from  results file: results.csv
2026-05-14 23:41:35,167 INFO o.a.j.r.d.ReportGenerator: Reading report generator properties from: /Users/ivanmironov/Projects/itmo/testing/testing-lab-4/apache-jmeter-5.6.3/bin/reportgenerator.properties
2026-05-14 23:41:35,167 INFO o.a.j.r.d.ReportGenerator: Merging with JMeter properties
2026-05-14 23:41:35,169 INFO o.a.j.r.c.ReportGeneratorConfiguration: Property 'jmeter.reportgenerator.temp_dir' not found, using default value 'temp' instead.
2026-05-14 23:41:35,170 INFO o.a.j.r.c.ReportGeneratorConfiguration: Property 'jmeter.reportgenerator.apdex_per_transaction' not found, using default value 'null' instead.
2026-05-14 23:41:35,170 INFO o.a.j.r.c.ReportGeneratorConfiguration: apdex_per_transaction is empty, not APDEX per transaction customization
2026-05-14 23:41:35,170 INFO o.a.j.r.c.ReportGeneratorConfiguration: Property 'jmeter.reportgenerator.sample_filter' not found, using default value 'null' instead.
2026-05-14 23:41:35,171 INFO o.a.j.r.c.ReportGeneratorConfiguration: Property 'jmeter.reportgenerator.report_title' not found, using default value 'null' instead.
2026-05-14 23:41:35,171 INFO o.a.j.r.c.ReportGeneratorConfiguration: Property 'jmeter.reportgenerator.start_date' not found, using default value 'null' instead.
2026-05-14 23:41:35,171 INFO o.a.j.r.c.ReportGeneratorConfiguration: Property 'jmeter.reportgenerator.end_date' not found, using default value 'null' instead.
2026-05-14 23:41:35,171 INFO o.a.j.r.c.ReportGeneratorConfiguration: Property 'jmeter.reportgenerator.date_format' not found, using default value 'null' instead.
2026-05-14 23:41:35,171 INFO o.a.j.r.c.ReportGeneratorConfiguration: Will use date range start date: null, end date: null
2026-05-14 23:41:35,173 INFO o.a.j.r.c.ReportGeneratorConfiguration: Property 'jmeter.reportgenerator.graph.totalTPS.exclude_controllers' not found, using default value 'false' instead.
2026-05-14 23:41:35,173 INFO o.a.j.r.c.ReportGeneratorConfiguration: Property 'jmeter.reportgenerator.graph.activeThreadsOverTime.exclude_controllers' not found, using default value 'false' instead.
2026-05-14 23:41:35,173 INFO o.a.j.r.c.ReportGeneratorConfiguration: Property 'jmeter.reportgenerator.graph.timeVsThreads.exclude_controllers' not found, using default value 'false' instead.
2026-05-14 23:41:35,173 INFO o.a.j.r.c.ReportGeneratorConfiguration: Property 'jmeter.reportgenerator.graph.responseTimeDistribution.exclude_controllers' not found, using default value 'false' instead.
2026-05-14 23:41:35,173 INFO o.a.j.r.c.ReportGeneratorConfiguration: Property 'jmeter.reportgenerator.graph.transactionsPerSecond.exclude_controllers' not found, using default value 'false' instead.
2026-05-14 23:41:35,173 INFO o.a.j.r.c.ReportGeneratorConfiguration: Property 'jmeter.reportgenerator.graph.responseTimePercentiles.exclude_controllers' not found, using default value 'false' instead.
2026-05-14 23:41:35,174 INFO o.a.j.r.c.ReportGeneratorConfiguration: Property 'jmeter.reportgenerator.graph.responseTimePercentilesOverTime.exclude_controllers' not found, using default value 'false' instead.
2026-05-14 23:41:35,174 INFO o.a.j.r.c.ReportGeneratorConfiguration: Property 'jmeter.reportgenerator.graph.responseTimesOverTime.exclude_controllers' not found, using default value 'false' instead.
2026-05-14 23:41:35,174 INFO o.a.j.r.c.ReportGeneratorConfiguration: Property 'jmeter.reportgenerator.graph.connectTimeOverTime.exclude_controllers' not found, using default value 'false' instead.
2026-05-14 23:41:35,174 INFO o.a.j.r.c.ReportGeneratorConfiguration: Property 'jmeter.reportgenerator.graph.latenciesOverTime.exclude_controllers' not found, using default value 'false' instead.
2026-05-14 23:41:35,174 INFO o.a.j.r.c.ReportGeneratorConfiguration: Property 'jmeter.reportgenerator.exporter.json.filters_only_sample_series' not found, using default value 'true' instead.
2026-05-14 23:41:35,174 INFO o.a.j.r.c.ReportGeneratorConfiguration: Property 'jmeter.reportgenerator.exporter.json.series_filter' not found, using default value '' instead.
2026-05-14 23:41:35,174 INFO o.a.j.r.c.ReportGeneratorConfiguration: Property 'jmeter.reportgenerator.exporter.json.show_controllers_only' not found, using default value 'false' instead.
2026-05-14 23:41:35,174 INFO o.a.j.r.c.ReportGeneratorConfiguration: Property 'jmeter.reportgenerator.exporter.html.filters_only_sample_series' not found, using default value 'true' instead.
2026-05-14 23:41:35,174 INFO o.a.j.r.c.ReportGeneratorConfiguration: Property 'jmeter.reportgenerator.exporter.html.series_filter' not found, using default value '' instead.
2026-05-14 23:41:35,174 INFO o.a.j.r.c.ReportGeneratorConfiguration: Property 'jmeter.reportgenerator.exporter.html.show_controllers_only' not found, using default value 'false' instead.
2026-05-14 23:41:35,183 INFO o.a.j.e.StandardJMeterEngine: Running the test!
2026-05-14 23:41:35,183 INFO o.a.j.s.SampleEvent: List of sample_variables: []
2026-05-14 23:41:35,183 INFO o.a.j.s.SampleEvent: List of sample_variables: []
2026-05-14 23:41:35,186 INFO o.a.j.e.u.CompoundVariable: Note: Function class names must contain the string: '.functions.'
2026-05-14 23:41:35,186 INFO o.a.j.e.u.CompoundVariable: Note: Function class names must not contain the string: '.gui.'
2026-05-14 23:41:35,228 INFO o.a.j.JMeter: Running test (1778791295228)
2026-05-14 23:41:35,244 INFO o.a.j.e.StandardJMeterEngine: Starting ThreadGroup: 1 : Thread Group
2026-05-14 23:41:35,244 INFO o.a.j.e.StandardJMeterEngine: Starting 100 threads for group Thread Group.
2026-05-14 23:41:35,244 INFO o.a.j.e.StandardJMeterEngine: Thread will continue on error
2026-05-14 23:41:35,244 INFO o.a.j.t.ThreadGroup: Starting thread group... number=1 threads=100 ramp-up=100 delayedStart=false
2026-05-14 23:41:35,248 INFO o.a.j.t.JMeterThread: Thread started: Thread Group 1-1
2026-05-14 23:41:35,259 INFO o.a.j.p.h.s.HTTPHCAbstractImpl: Local host = MacBook-Pro-Ivan-5.local
2026-05-14 23:41:35,260 INFO o.a.j.t.ThreadGroup: Started thread group number 1
2026-05-14 23:41:35,260 INFO o.a.j.e.StandardJMeterEngine: All thread groups have been started
2026-05-14 23:41:35,263 INFO o.a.j.p.h.s.HTTPHC4Impl: HTTP request retry count = 0
2026-05-14 23:41:35,264 INFO o.a.j.s.SampleResult: Note: Sample TimeStamps are START times
2026-05-14 23:41:35,264 INFO o.a.j.s.SampleResult: sampleresult.default.encoding is set to UTF-8
2026-05-14 23:41:35,264 INFO o.a.j.s.SampleResult: sampleresult.useNanoTime=true
2026-05-14 23:41:35,264 INFO o.a.j.s.SampleResult: sampleresult.nanoThreadSleep=5000
2026-05-14 23:41:35,872 INFO o.a.j.r.Summariser: summary +      1 in 00:00:01 =    1.6/s Avg:   571 Min:   571 Max:   571 Err:     0 (0.00%) Active: 1 Started: 1 Finished: 0
2026-05-14 23:41:36,250 INFO o.a.j.t.JMeterThread: Thread started: Thread Group 1-2
2026-05-14 23:41:37,254 INFO o.a.j.t.JMeterThread: Thread started: Thread Group 1-3
2026-05-14 23:41:38,254 INFO o.a.j.t.JMeterThread: Thread started: Thread Group 1-4
2026-05-14 23:41:39,253 INFO o.a.j.t.JMeterThread: Thread started: Thread Group 1-5
2026-05-14 23:41:40,251 INFO o.a.j.t.JMeterThread: Thread started: Thread Group 1-6
2026-05-14 23:41:41,250 INFO o.a.j.t.JMeterThread: Thread started: Thread Group 1-7
2026-05-14 23:41:42,246 INFO o.a.j.t.JMeterThread: Thread started: Thread Group 1-8
2026-05-14 23:41:43,249 INFO o.a.j.t.JMeterThread: Thread started: Thread Group 1-9
2026-05-14 23:41:44,249 INFO o.a.j.t.JMeterThread: Thread started: Thread Group 1-10
2026-05-14 23:41:45,249 INFO o.a.j.t.JMeterThread: Thread started: Thread Group 1-11
2026-05-14 23:41:46,245 INFO o.a.j.t.JMeterThread: Thread started: Thread Group 1-12
2026-05-14 23:41:47,249 INFO o.a.j.t.JMeterThread: Thread started: Thread Group 1-13
2026-05-14 23:41:48,249 INFO o.a.j.t.JMeterThread: Thread started: Thread Group 1-14
2026-05-14 23:41:49,246 INFO o.a.j.t.JMeterThread: Thread started: Thread Group 1-15
2026-05-14 23:41:50,250 INFO o.a.j.t.JMeterThread: Thread started: Thread Group 1-16
2026-05-14 23:41:51,246 INFO o.a.j.t.JMeterThread: Thread started: Thread Group 1-17
2026-05-14 23:41:52,252 INFO o.a.j.t.JMeterThread: Thread started: Thread Group 1-18
2026-05-14 23:41:53,247 INFO o.a.j.t.JMeterThread: Thread started: Thread Group 1-19
2026-05-14 23:41:54,249 INFO o.a.j.t.JMeterThread: Thread started: Thread Group 1-20
2026-05-14 23:41:55,249 INFO o.a.j.t.JMeterThread: Thread started: Thread Group 1-21
2026-05-14 23:41:56,249 INFO o.a.j.t.JMeterThread: Thread started: Thread Group 1-22
2026-05-14 23:41:57,251 INFO o.a.j.t.JMeterThread: Thread started: Thread Group 1-23
2026-05-14 23:41:58,250 INFO o.a.j.t.JMeterThread: Thread started: Thread Group 1-24
2026-05-14 23:41:59,245 INFO o.a.j.t.JMeterThread: Thread started: Thread Group 1-25
2026-05-14 23:42:00,040 INFO o.a.j.r.Summariser: summary +    410 in 00:00:24 =   17.0/s Avg:   746 Min:   519 Max:  1029 Err:     0 (0.00%) Active: 25 Started: 25 Finished: 0
2026-05-14 23:42:00,042 INFO o.a.j.r.Summariser: summary =    411 in 00:00:25 =   16.6/s Avg:   745 Min:   519 Max:  1029 Err:     0 (0.00%)
2026-05-14 23:42:00,249 INFO o.a.j.t.JMeterThread: Thread started: Thread Group 1-26
2026-05-14 23:42:01,249 INFO o.a.j.t.JMeterThread: Thread started: Thread Group 1-27
2026-05-14 23:42:02,249 INFO o.a.j.t.JMeterThread: Thread started: Thread Group 1-28
2026-05-14 23:42:03,249 INFO o.a.j.t.JMeterThread: Thread started: Thread Group 1-29
2026-05-14 23:42:04,249 INFO o.a.j.t.JMeterThread: Thread started: Thread Group 1-30
2026-05-14 23:42:05,246 INFO o.a.j.t.JMeterThread: Thread started: Thread Group 1-31
2026-05-14 23:42:06,250 INFO o.a.j.t.JMeterThread: Thread started: Thread Group 1-32
2026-05-14 23:42:07,249 INFO o.a.j.t.JMeterThread: Thread started: Thread Group 1-33
2026-05-14 23:42:08,249 INFO o.a.j.t.JMeterThread: Thread started: Thread Group 1-34
2026-05-14 23:42:09,249 INFO o.a.j.t.JMeterThread: Thread started: Thread Group 1-35
2026-05-14 23:42:10,245 INFO o.a.j.t.JMeterThread: Thread started: Thread Group 1-36
2026-05-14 23:42:11,249 INFO o.a.j.t.JMeterThread: Thread started: Thread Group 1-37
2026-05-14 23:42:12,250 INFO o.a.j.t.JMeterThread: Thread started: Thread Group 1-38
2026-05-14 23:42:13,248 INFO o.a.j.t.JMeterThread: Thread started: Thread Group 1-39
2026-05-14 23:42:14,248 INFO o.a.j.t.JMeterThread: Thread started: Thread Group 1-40
2026-05-14 23:42:15,249 INFO o.a.j.t.JMeterThread: Thread started: Thread Group 1-41
2026-05-14 23:42:16,249 INFO o.a.j.t.JMeterThread: Thread started: Thread Group 1-42
2026-05-14 23:42:17,249 INFO o.a.j.t.JMeterThread: Thread started: Thread Group 1-43
2026-05-14 23:42:18,251 INFO o.a.j.t.JMeterThread: Thread started: Thread Group 1-44
2026-05-14 23:42:19,249 INFO o.a.j.t.JMeterThread: Thread started: Thread Group 1-45
2026-05-14 23:42:20,247 INFO o.a.j.t.JMeterThread: Thread started: Thread Group 1-46
2026-05-14 23:42:21,249 INFO o.a.j.t.JMeterThread: Thread started: Thread Group 1-47
2026-05-14 23:42:22,249 INFO o.a.j.t.JMeterThread: Thread started: Thread Group 1-48
2026-05-14 23:42:23,249 INFO o.a.j.t.JMeterThread: Thread started: Thread Group 1-49
2026-05-14 23:42:24,249 INFO o.a.j.t.JMeterThread: Thread started: Thread Group 1-50
2026-05-14 23:42:25,249 INFO o.a.j.t.JMeterThread: Thread started: Thread Group 1-51
2026-05-14 23:42:26,248 INFO o.a.j.t.JMeterThread: Thread started: Thread Group 1-52
2026-05-14 23:42:27,250 INFO o.a.j.t.JMeterThread: Thread started: Thread Group 1-53
2026-05-14 23:42:28,251 INFO o.a.j.t.JMeterThread: Thread started: Thread Group 1-54
2026-05-14 23:42:29,250 INFO o.a.j.t.JMeterThread: Thread started: Thread Group 1-55
2026-05-14 23:42:30,239 INFO o.a.j.r.Summariser: summary +    849 in 00:00:30 =   28.1/s Avg:  1380 Min:   920 Max:  2171 Err:     0 (0.00%) Active: 55 Started: 55 Finished: 0
2026-05-14 23:42:30,243 INFO o.a.j.r.Summariser: summary =   1260 in 00:00:55 =   22.9/s Avg:  1173 Min:   519 Max:  2171 Err:     0 (0.00%)
2026-05-14 23:42:30,249 INFO o.a.j.t.JMeterThread: Thread started: Thread Group 1-56
2026-05-14 23:42:31,247 INFO o.a.j.t.JMeterThread: Thread started: Thread Group 1-57
2026-05-14 23:42:32,246 INFO o.a.j.t.JMeterThread: Thread started: Thread Group 1-58
2026-05-14 23:42:33,249 INFO o.a.j.t.JMeterThread: Thread started: Thread Group 1-59
2026-05-14 23:42:34,249 INFO o.a.j.t.JMeterThread: Thread started: Thread Group 1-60
2026-05-14 23:42:35,249 INFO o.a.j.t.JMeterThread: Thread started: Thread Group 1-61
2026-05-14 23:42:36,251 INFO o.a.j.t.JMeterThread: Thread started: Thread Group 1-62
2026-05-14 23:42:37,252 INFO o.a.j.t.JMeterThread: Thread started: Thread Group 1-63
2026-05-14 23:42:38,245 INFO o.a.j.t.JMeterThread: Thread started: Thread Group 1-64
2026-05-14 23:42:39,249 INFO o.a.j.t.JMeterThread: Thread started: Thread Group 1-65
2026-05-14 23:42:40,247 INFO o.a.j.t.JMeterThread: Thread started: Thread Group 1-66
2026-05-14 23:42:41,250 INFO o.a.j.t.JMeterThread: Thread started: Thread Group 1-67
2026-05-14 23:42:42,246 INFO o.a.j.t.JMeterThread: Thread started: Thread Group 1-68
2026-05-14 23:42:43,249 INFO o.a.j.t.JMeterThread: Thread started: Thread Group 1-69
2026-05-14 23:42:44,245 INFO o.a.j.t.JMeterThread: Thread started: Thread Group 1-70
2026-05-14 23:42:45,246 INFO o.a.j.t.JMeterThread: Thread started: Thread Group 1-71
2026-05-14 23:42:46,247 INFO o.a.j.t.JMeterThread: Thread started: Thread Group 1-72
2026-05-14 23:42:47,247 INFO o.a.j.t.JMeterThread: Thread started: Thread Group 1-73
2026-05-14 23:42:48,249 INFO o.a.j.t.JMeterThread: Thread started: Thread Group 1-74
2026-05-14 23:42:49,246 INFO o.a.j.t.JMeterThread: Thread started: Thread Group 1-75
2026-05-14 23:42:50,249 INFO o.a.j.t.JMeterThread: Thread started: Thread Group 1-76
2026-05-14 23:42:51,250 INFO o.a.j.t.JMeterThread: Thread started: Thread Group 1-77
2026-05-14 23:42:52,251 INFO o.a.j.t.JMeterThread: Thread started: Thread Group 1-78
2026-05-14 23:42:53,247 INFO o.a.j.t.JMeterThread: Thread started: Thread Group 1-79
2026-05-14 23:42:54,249 INFO o.a.j.t.JMeterThread: Thread started: Thread Group 1-80
2026-05-14 23:42:55,249 INFO o.a.j.t.JMeterThread: Thread started: Thread Group 1-81
2026-05-14 23:42:56,247 INFO o.a.j.t.JMeterThread: Thread started: Thread Group 1-82
2026-05-14 23:42:57,249 INFO o.a.j.t.JMeterThread: Thread started: Thread Group 1-83
2026-05-14 23:42:58,250 INFO o.a.j.t.JMeterThread: Thread started: Thread Group 1-84
2026-05-14 23:42:59,251 INFO o.a.j.t.JMeterThread: Thread started: Thread Group 1-85
2026-05-14 23:43:00,249 INFO o.a.j.t.JMeterThread: Thread started: Thread Group 1-86
2026-05-14 23:43:00,318 INFO o.a.j.r.Summariser: summary +    845 in 00:00:30 =   28.1/s Avg:  2388 Min:  1311 Max:  3745 Err:     0 (0.00%) Active: 86 Started: 86 Finished: 0
2026-05-14 23:43:00,319 INFO o.a.j.r.Summariser: summary =   2105 in 00:01:25 =   24.7/s Avg:  1661 Min:   519 Max:  3745 Err:     0 (0.00%)
2026-05-14 23:43:01,249 INFO o.a.j.t.JMeterThread: Thread started: Thread Group 1-87
2026-05-14 23:43:02,249 INFO o.a.j.t.JMeterThread: Thread started: Thread Group 1-88
2026-05-14 23:43:03,246 INFO o.a.j.t.JMeterThread: Thread started: Thread Group 1-89
2026-05-14 23:43:04,249 INFO o.a.j.t.JMeterThread: Thread started: Thread Group 1-90
2026-05-14 23:43:05,246 INFO o.a.j.t.JMeterThread: Thread started: Thread Group 1-91
2026-05-14 23:43:06,246 INFO o.a.j.t.JMeterThread: Thread started: Thread Group 1-92
2026-05-14 23:43:07,249 INFO o.a.j.t.JMeterThread: Thread started: Thread Group 1-93
2026-05-14 23:43:08,249 INFO o.a.j.t.JMeterThread: Thread started: Thread Group 1-94
2026-05-14 23:43:09,246 INFO o.a.j.t.JMeterThread: Thread started: Thread Group 1-95
2026-05-14 23:43:10,250 INFO o.a.j.t.JMeterThread: Thread started: Thread Group 1-96
2026-05-14 23:43:11,246 INFO o.a.j.t.JMeterThread: Thread started: Thread Group 1-97
2026-05-14 23:43:12,257 INFO o.a.j.t.JMeterThread: Thread started: Thread Group 1-98
2026-05-14 23:43:13,248 INFO o.a.j.t.JMeterThread: Thread started: Thread Group 1-99
2026-05-14 23:43:14,253 INFO o.a.j.t.JMeterThread: Thread started: Thread Group 1-100
2026-05-14 23:43:30,115 INFO o.a.j.r.Summariser: summary +    707 in 00:00:30 =   23.7/s Avg:  3885 Min:  2097 Max:  5247 Err:     0 (0.00%) Active: 100 Started: 100 Finished: 0
2026-05-14 23:43:30,123 INFO o.a.j.r.Summariser: summary =   2812 in 00:01:55 =   24.5/s Avg:  2220 Min:   519 Max:  5247 Err:     0 (0.00%)
2026-05-14 23:44:01,389 INFO o.a.j.r.Summariser: summary +    720 in 00:00:31 =   23.0/s Avg:  4300 Min:  2906 Max:  6712 Err:     0 (0.00%) Active: 100 Started: 100 Finished: 0
2026-05-14 23:44:01,394 INFO o.a.j.r.Summariser: summary =   3532 in 00:02:26 =   24.2/s Avg:  2644 Min:   519 Max:  6712 Err:     0 (0.00%)
2026-05-14 23:44:06,287 INFO o.a.j.t.JMeterThread: Stopping because end time detected by thread: Thread Group 1-12
2026-05-14 23:44:06,288 INFO o.a.j.t.JMeterThread: Thread finished: Thread Group 1-12
2026-05-14 23:44:06,295 INFO o.a.j.t.JMeterThread: Stopping because end time detected by thread: Thread Group 1-45
2026-05-14 23:44:06,296 INFO o.a.j.t.JMeterThread: Thread finished: Thread Group 1-45
2026-05-14 23:44:06,297 INFO o.a.j.t.JMeterThread: Stopping because end time detected by thread: Thread Group 1-65
2026-05-14 23:44:06,297 INFO o.a.j.t.JMeterThread: Thread finished: Thread Group 1-65
2026-05-14 23:44:06,297 INFO o.a.j.t.JMeterThread: Stopping because end time detected by thread: Thread Group 1-72
2026-05-14 23:44:06,297 INFO o.a.j.t.JMeterThread: Stopping because end time detected by thread: Thread Group 1-62
2026-05-14 23:44:06,297 INFO o.a.j.t.JMeterThread: Stopping because end time detected by thread: Thread Group 1-79
2026-05-14 23:44:06,297 INFO o.a.j.t.JMeterThread: Thread finished: Thread Group 1-62
2026-05-14 23:44:06,297 INFO o.a.j.t.JMeterThread: Thread finished: Thread Group 1-72
2026-05-14 23:44:06,297 INFO o.a.j.t.JMeterThread: Thread finished: Thread Group 1-79
2026-05-14 23:44:06,298 INFO o.a.j.t.JMeterThread: Stopping because end time detected by thread: Thread Group 1-4
2026-05-14 23:44:06,298 INFO o.a.j.t.JMeterThread: Stopping because end time detected by thread: Thread Group 1-9
2026-05-14 23:44:06,298 INFO o.a.j.t.JMeterThread: Thread finished: Thread Group 1-4
2026-05-14 23:44:06,298 INFO o.a.j.t.JMeterThread: Thread finished: Thread Group 1-9
2026-05-14 23:44:06,298 INFO o.a.j.t.JMeterThread: Stopping because end time detected by thread: Thread Group 1-77
2026-05-14 23:44:06,298 INFO o.a.j.t.JMeterThread: Stopping because end time detected by thread: Thread Group 1-37
2026-05-14 23:44:06,298 INFO o.a.j.t.JMeterThread: Thread finished: Thread Group 1-77
2026-05-14 23:44:06,298 INFO o.a.j.t.JMeterThread: Thread finished: Thread Group 1-37
2026-05-14 23:44:06,298 INFO o.a.j.t.JMeterThread: Stopping because end time detected by thread: Thread Group 1-56
2026-05-14 23:44:06,298 INFO o.a.j.t.JMeterThread: Stopping because end time detected by thread: Thread Group 1-93
2026-05-14 23:44:06,298 INFO o.a.j.t.JMeterThread: Stopping because end time detected by thread: Thread Group 1-19
2026-05-14 23:44:06,299 INFO o.a.j.t.JMeterThread: Thread finished: Thread Group 1-93
2026-05-14 23:44:06,299 INFO o.a.j.t.JMeterThread: Thread finished: Thread Group 1-19
2026-05-14 23:44:06,299 INFO o.a.j.t.JMeterThread: Stopping because end time detected by thread: Thread Group 1-39
2026-05-14 23:44:06,299 INFO o.a.j.t.JMeterThread: Stopping because end time detected by thread: Thread Group 1-47
2026-05-14 23:44:06,299 INFO o.a.j.t.JMeterThread: Thread finished: Thread Group 1-39
2026-05-14 23:44:06,299 INFO o.a.j.t.JMeterThread: Stopping because end time detected by thread: Thread Group 1-1
2026-05-14 23:44:06,299 INFO o.a.j.t.JMeterThread: Stopping because end time detected by thread: Thread Group 1-60
2026-05-14 23:44:06,299 INFO o.a.j.t.JMeterThread: Stopping because end time detected by thread: Thread Group 1-2
2026-05-14 23:44:06,299 INFO o.a.j.t.JMeterThread: Thread finished: Thread Group 1-1
2026-05-14 23:44:06,299 INFO o.a.j.t.JMeterThread: Stopping because end time detected by thread: Thread Group 1-76
2026-05-14 23:44:06,299 INFO o.a.j.t.JMeterThread: Thread finished: Thread Group 1-2
2026-05-14 23:44:06,299 INFO o.a.j.t.JMeterThread: Stopping because end time detected by thread: Thread Group 1-70
2026-05-14 23:44:06,299 INFO o.a.j.t.JMeterThread: Thread finished: Thread Group 1-76
2026-05-14 23:44:06,299 INFO o.a.j.t.JMeterThread: Stopping because end time detected by thread: Thread Group 1-15
2026-05-14 23:44:06,299 INFO o.a.j.t.JMeterThread: Stopping because end time detected by thread: Thread Group 1-22
2026-05-14 23:44:06,299 INFO o.a.j.t.JMeterThread: Thread finished: Thread Group 1-15
2026-05-14 23:44:06,299 INFO o.a.j.t.JMeterThread: Thread finished: Thread Group 1-22
2026-05-14 23:44:06,299 INFO o.a.j.t.JMeterThread: Stopping because end time detected by thread: Thread Group 1-21
2026-05-14 23:44:06,299 INFO o.a.j.t.JMeterThread: Stopping because end time detected by thread: Thread Group 1-83
2026-05-14 23:44:06,298 INFO o.a.j.t.JMeterThread: Stopping because end time detected by thread: Thread Group 1-82
2026-05-14 23:44:06,299 INFO o.a.j.t.JMeterThread: Stopping because end time detected by thread: Thread Group 1-85
2026-05-14 23:44:06,299 INFO o.a.j.t.JMeterThread: Thread finished: Thread Group 1-82
2026-05-14 23:44:06,299 INFO o.a.j.t.JMeterThread: Thread finished: Thread Group 1-56
2026-05-14 23:44:06,298 INFO o.a.j.t.JMeterThread: Stopping because end time detected by thread: Thread Group 1-16
2026-05-14 23:44:06,300 INFO o.a.j.t.JMeterThread: Thread finished: Thread Group 1-16
2026-05-14 23:44:06,300 INFO o.a.j.t.JMeterThread: Thread finished: Thread Group 1-85
2026-05-14 23:44:06,299 INFO o.a.j.t.JMeterThread: Stopping because end time detected by thread: Thread Group 1-24
2026-05-14 23:44:06,299 INFO o.a.j.t.JMeterThread: Thread finished: Thread Group 1-83
2026-05-14 23:44:06,300 INFO o.a.j.t.JMeterThread: Thread finished: Thread Group 1-24
2026-05-14 23:44:06,299 INFO o.a.j.t.JMeterThread: Thread finished: Thread Group 1-21
2026-05-14 23:44:06,300 INFO o.a.j.t.JMeterThread: Thread finished: Thread Group 1-70
2026-05-14 23:44:06,299 INFO o.a.j.t.JMeterThread: Thread finished: Thread Group 1-47
2026-05-14 23:44:06,300 INFO o.a.j.t.JMeterThread: Thread finished: Thread Group 1-60
2026-05-14 23:44:06,299 INFO o.a.j.t.JMeterThread: Stopping because end time detected by thread: Thread Group 1-58
2026-05-14 23:44:06,299 INFO o.a.j.t.JMeterThread: Stopping because end time detected by thread: Thread Group 1-51
2026-05-14 23:44:06,299 INFO o.a.j.t.JMeterThread: Stopping because end time detected by thread: Thread Group 1-48
2026-05-14 23:44:06,299 INFO o.a.j.t.JMeterThread: Stopping because end time detected by thread: Thread Group 1-40
2026-05-14 23:44:06,300 INFO o.a.j.t.JMeterThread: Thread finished: Thread Group 1-51
2026-05-14 23:44:06,300 INFO o.a.j.t.JMeterThread: Thread finished: Thread Group 1-48
2026-05-14 23:44:06,298 INFO o.a.j.t.JMeterThread: Stopping because end time detected by thread: Thread Group 1-91
2026-05-14 23:44:06,301 INFO o.a.j.t.JMeterThread: Thread finished: Thread Group 1-91
2026-05-14 23:44:06,301 INFO o.a.j.t.JMeterThread: Thread finished: Thread Group 1-40
2026-05-14 23:44:06,301 INFO o.a.j.t.JMeterThread: Thread finished: Thread Group 1-58
2026-05-14 23:44:06,306 INFO o.a.j.t.JMeterThread: Stopping because end time detected by thread: Thread Group 1-42
2026-05-14 23:44:06,306 INFO o.a.j.t.JMeterThread: Thread finished: Thread Group 1-42
2026-05-14 23:44:07,861 INFO o.a.j.t.JMeterThread: Stopping because end time detected by thread: Thread Group 1-55
2026-05-14 23:44:07,864 INFO o.a.j.t.JMeterThread: Thread finished: Thread Group 1-55
2026-05-14 23:44:07,867 INFO o.a.j.t.JMeterThread: Stopping because end time detected by thread: Thread Group 1-14
2026-05-14 23:44:07,867 INFO o.a.j.t.JMeterThread: Thread finished: Thread Group 1-14
2026-05-14 23:44:07,867 INFO o.a.j.t.JMeterThread: Stopping because end time detected by thread: Thread Group 1-78
2026-05-14 23:44:07,867 INFO o.a.j.t.JMeterThread: Thread finished: Thread Group 1-78
2026-05-14 23:44:07,868 INFO o.a.j.t.JMeterThread: Stopping because end time detected by thread: Thread Group 1-25
2026-05-14 23:44:07,868 INFO o.a.j.t.JMeterThread: Thread finished: Thread Group 1-25
2026-05-14 23:44:07,868 INFO o.a.j.t.JMeterThread: Stopping because end time detected by thread: Thread Group 1-88
2026-05-14 23:44:07,868 INFO o.a.j.t.JMeterThread: Thread finished: Thread Group 1-88
2026-05-14 23:44:07,868 INFO o.a.j.t.JMeterThread: Stopping because end time detected by thread: Thread Group 1-31
2026-05-14 23:44:07,869 INFO o.a.j.t.JMeterThread: Thread finished: Thread Group 1-31
2026-05-14 23:44:07,869 INFO o.a.j.t.JMeterThread: Stopping because end time detected by thread: Thread Group 1-94
2026-05-14 23:44:07,870 INFO o.a.j.t.JMeterThread: Thread finished: Thread Group 1-94
2026-05-14 23:44:07,870 INFO o.a.j.t.JMeterThread: Stopping because end time detected by thread: Thread Group 1-95
2026-05-14 23:44:07,870 INFO o.a.j.t.JMeterThread: Thread finished: Thread Group 1-95
2026-05-14 23:44:07,870 INFO o.a.j.t.JMeterThread: Stopping because end time detected by thread: Thread Group 1-97
2026-05-14 23:44:07,871 INFO o.a.j.t.JMeterThread: Thread finished: Thread Group 1-97
2026-05-14 23:44:07,871 INFO o.a.j.t.JMeterThread: Stopping because end time detected by thread: Thread Group 1-100
2026-05-14 23:44:07,871 INFO o.a.j.t.JMeterThread: Thread finished: Thread Group 1-100
2026-05-14 23:44:07,871 INFO o.a.j.t.JMeterThread: Stopping because end time detected by thread: Thread Group 1-98
2026-05-14 23:44:07,871 INFO o.a.j.t.JMeterThread: Thread finished: Thread Group 1-98
2026-05-14 23:44:07,871 INFO o.a.j.t.JMeterThread: Stopping because end time detected by thread: Thread Group 1-44
2026-05-14 23:44:07,871 INFO o.a.j.t.JMeterThread: Thread finished: Thread Group 1-44
2026-05-14 23:44:07,872 INFO o.a.j.t.JMeterThread: Stopping because end time detected by thread: Thread Group 1-43
2026-05-14 23:44:07,872 INFO o.a.j.t.JMeterThread: Thread finished: Thread Group 1-43
2026-05-14 23:44:07,871 INFO o.a.j.t.JMeterThread: Stopping because end time detected by thread: Thread Group 1-49
2026-05-14 23:44:07,872 INFO o.a.j.t.JMeterThread: Thread finished: Thread Group 1-49
2026-05-14 23:44:07,874 INFO o.a.j.t.JMeterThread: Stopping because end time detected by thread: Thread Group 1-50
2026-05-14 23:44:07,874 INFO o.a.j.t.JMeterThread: Thread finished: Thread Group 1-50
2026-05-14 23:44:07,875 INFO o.a.j.t.JMeterThread: Stopping because end time detected by thread: Thread Group 1-53
2026-05-14 23:44:07,875 INFO o.a.j.t.JMeterThread: Thread finished: Thread Group 1-53
2026-05-14 23:44:07,875 INFO o.a.j.t.JMeterThread: Stopping because end time detected by thread: Thread Group 1-54
2026-05-14 23:44:07,875 INFO o.a.j.t.JMeterThread: Thread finished: Thread Group 1-54
2026-05-14 23:44:07,876 INFO o.a.j.t.JMeterThread: Stopping because end time detected by thread: Thread Group 1-59
2026-05-14 23:44:07,876 INFO o.a.j.t.JMeterThread: Thread finished: Thread Group 1-59
2026-05-14 23:44:07,876 INFO o.a.j.t.JMeterThread: Stopping because end time detected by thread: Thread Group 1-61
2026-05-14 23:44:07,876 INFO o.a.j.t.JMeterThread: Thread finished: Thread Group 1-61
2026-05-14 23:44:07,876 INFO o.a.j.t.JMeterThread: Stopping because end time detected by thread: Thread Group 1-3
2026-05-14 23:44:07,877 INFO o.a.j.t.JMeterThread: Stopping because end time detected by thread: Thread Group 1-89
2026-05-14 23:44:07,877 INFO o.a.j.t.JMeterThread: Thread finished: Thread Group 1-3
2026-05-14 23:44:07,877 INFO o.a.j.t.JMeterThread: Stopping because end time detected by thread: Thread Group 1-33
2026-05-14 23:44:07,877 INFO o.a.j.t.JMeterThread: Stopping because end time detected by thread: Thread Group 1-90
2026-05-14 23:44:07,877 INFO o.a.j.t.JMeterThread: Thread finished: Thread Group 1-33
2026-05-14 23:44:07,877 INFO o.a.j.t.JMeterThread: Stopping because end time detected by thread: Thread Group 1-41
2026-05-14 23:44:07,877 INFO o.a.j.t.JMeterThread: Stopping because end time detected by thread: Thread Group 1-46
2026-05-14 23:44:07,877 INFO o.a.j.t.JMeterThread: Stopping because end time detected by thread: Thread Group 1-64
2026-05-14 23:44:07,877 INFO o.a.j.t.JMeterThread: Stopping because end time detected by thread: Thread Group 1-35
2026-05-14 23:44:07,877 INFO o.a.j.t.JMeterThread: Thread finished: Thread Group 1-46
2026-05-14 23:44:07,877 INFO o.a.j.t.JMeterThread: Stopping because end time detected by thread: Thread Group 1-28
2026-05-14 23:44:07,877 INFO o.a.j.t.JMeterThread: Stopping because end time detected by thread: Thread Group 1-7
2026-05-14 23:44:07,877 INFO o.a.j.t.JMeterThread: Stopping because end time detected by thread: Thread Group 1-69
2026-05-14 23:44:07,877 INFO o.a.j.t.JMeterThread: Thread finished: Thread Group 1-35
2026-05-14 23:44:07,877 INFO o.a.j.t.JMeterThread: Thread finished: Thread Group 1-28
2026-05-14 23:44:07,867 INFO o.a.j.t.JMeterThread: Stopping because end time detected by thread: Thread Group 1-17
2026-05-14 23:44:07,877 INFO o.a.j.t.JMeterThread: Thread finished: Thread Group 1-17
2026-05-14 23:44:07,877 INFO o.a.j.t.JMeterThread: Stopping because end time detected by thread: Thread Group 1-27
2026-05-14 23:44:07,877 INFO o.a.j.t.JMeterThread: Thread finished: Thread Group 1-27
2026-05-14 23:44:07,877 INFO o.a.j.t.JMeterThread: Thread finished: Thread Group 1-7
2026-05-14 23:44:07,878 INFO o.a.j.t.JMeterThread: Stopping because end time detected by thread: Thread Group 1-74
2026-05-14 23:44:07,878 INFO o.a.j.t.JMeterThread: Thread finished: Thread Group 1-74
2026-05-14 23:44:07,877 INFO o.a.j.t.JMeterThread: Thread finished: Thread Group 1-64
2026-05-14 23:44:07,878 INFO o.a.j.t.JMeterThread: Thread finished: Thread Group 1-69
2026-05-14 23:44:07,877 INFO o.a.j.t.JMeterThread: Thread finished: Thread Group 1-90
2026-05-14 23:44:07,877 INFO o.a.j.t.JMeterThread: Stopping because end time detected by thread: Thread Group 1-99
2026-05-14 23:44:07,877 INFO o.a.j.t.JMeterThread: Stopping because end time detected by thread: Thread Group 1-96
2026-05-14 23:44:07,878 INFO o.a.j.t.JMeterThread: Thread finished: Thread Group 1-99
2026-05-14 23:44:07,877 INFO o.a.j.t.JMeterThread: Stopping because end time detected by thread: Thread Group 1-32
2026-05-14 23:44:07,877 INFO o.a.j.t.JMeterThread: Stopping because end time detected by thread: Thread Group 1-30
2026-05-14 23:44:07,878 INFO o.a.j.t.JMeterThread: Thread finished: Thread Group 1-32
2026-05-14 23:44:07,877 INFO o.a.j.t.JMeterThread: Thread finished: Thread Group 1-89
2026-05-14 23:44:07,878 INFO o.a.j.t.JMeterThread: Thread finished: Thread Group 1-30
2026-05-14 23:44:07,877 INFO o.a.j.t.JMeterThread: Stopping because end time detected by thread: Thread Group 1-81
2026-05-14 23:44:07,877 INFO o.a.j.t.JMeterThread: Stopping because end time detected by thread: Thread Group 1-8
2026-05-14 23:44:07,876 INFO o.a.j.t.JMeterThread: Stopping because end time detected by thread: Thread Group 1-6
2026-05-14 23:44:07,879 INFO o.a.j.t.JMeterThread: Thread finished: Thread Group 1-8
2026-05-14 23:44:07,879 INFO o.a.j.t.JMeterThread: Thread finished: Thread Group 1-6
2026-05-14 23:44:07,876 INFO o.a.j.t.JMeterThread: Stopping because end time detected by thread: Thread Group 1-66
2026-05-14 23:44:07,876 INFO o.a.j.t.JMeterThread: Stopping because end time detected by thread: Thread Group 1-68
2026-05-14 23:44:07,868 INFO o.a.j.t.JMeterThread: Stopping because end time detected by thread: Thread Group 1-87
2026-05-14 23:44:07,867 INFO o.a.j.t.JMeterThread: Stopping because end time detected by thread: Thread Group 1-26
2026-05-14 23:44:07,879 INFO o.a.j.t.JMeterThread: Thread finished: Thread Group 1-68
2026-05-14 23:44:07,879 INFO o.a.j.t.JMeterThread: Thread finished: Thread Group 1-66
2026-05-14 23:44:07,879 INFO o.a.j.t.JMeterThread: Thread finished: Thread Group 1-81
2026-05-14 23:44:07,878 INFO o.a.j.t.JMeterThread: Thread finished: Thread Group 1-96
2026-05-14 23:44:07,878 INFO o.a.j.t.JMeterThread: Thread finished: Thread Group 1-41
2026-05-14 23:44:07,879 INFO o.a.j.t.JMeterThread: Thread finished: Thread Group 1-26
2026-05-14 23:44:07,879 INFO o.a.j.t.JMeterThread: Thread finished: Thread Group 1-87
2026-05-14 23:44:08,064 INFO o.a.j.t.JMeterThread: Stopping because end time detected by thread: Thread Group 1-5
2026-05-14 23:44:08,064 INFO o.a.j.t.JMeterThread: Stopping because end time detected by thread: Thread Group 1-63
2026-05-14 23:44:08,065 INFO o.a.j.t.JMeterThread: Thread finished: Thread Group 1-5
2026-05-14 23:44:08,065 INFO o.a.j.t.JMeterThread: Stopping because end time detected by thread: Thread Group 1-67
2026-05-14 23:44:08,065 INFO o.a.j.t.JMeterThread: Thread finished: Thread Group 1-67
2026-05-14 23:44:08,066 INFO o.a.j.t.JMeterThread: Stopping because end time detected by thread: Thread Group 1-10
2026-05-14 23:44:08,066 INFO o.a.j.t.JMeterThread: Thread finished: Thread Group 1-10
2026-05-14 23:44:08,064 INFO o.a.j.t.JMeterThread: Stopping because end time detected by thread: Thread Group 1-11
2026-05-14 23:44:08,067 INFO o.a.j.t.JMeterThread: Thread finished: Thread Group 1-11
2026-05-14 23:44:08,064 INFO o.a.j.t.JMeterThread: Stopping because end time detected by thread: Thread Group 1-71
2026-05-14 23:44:08,071 INFO o.a.j.t.JMeterThread: Thread finished: Thread Group 1-71
2026-05-14 23:44:08,071 INFO o.a.j.t.JMeterThread: Thread finished: Thread Group 1-63
2026-05-14 23:44:08,098 INFO o.a.j.t.JMeterThread: Stopping because end time detected by thread: Thread Group 1-38
2026-05-14 23:44:08,098 INFO o.a.j.t.JMeterThread: Stopping because end time detected by thread: Thread Group 1-34
2026-05-14 23:44:08,098 INFO o.a.j.t.JMeterThread: Stopping because end time detected by thread: Thread Group 1-75
2026-05-14 23:44:08,098 INFO o.a.j.t.JMeterThread: Stopping because end time detected by thread: Thread Group 1-18
2026-05-14 23:44:08,098 INFO o.a.j.t.JMeterThread: Stopping because end time detected by thread: Thread Group 1-52
2026-05-14 23:44:08,098 INFO o.a.j.t.JMeterThread: Thread finished: Thread Group 1-18
2026-05-14 23:44:08,098 INFO o.a.j.t.JMeterThread: Thread finished: Thread Group 1-52
2026-05-14 23:44:08,098 INFO o.a.j.t.JMeterThread: Thread finished: Thread Group 1-75
2026-05-14 23:44:08,098 INFO o.a.j.t.JMeterThread: Thread finished: Thread Group 1-38
2026-05-14 23:44:08,098 INFO o.a.j.t.JMeterThread: Thread finished: Thread Group 1-34
2026-05-14 23:44:08,114 INFO o.a.j.t.JMeterThread: Stopping because end time detected by thread: Thread Group 1-80
2026-05-14 23:44:08,115 INFO o.a.j.t.JMeterThread: Thread finished: Thread Group 1-80
2026-05-14 23:44:08,135 INFO o.a.j.t.JMeterThread: Stopping because end time detected by thread: Thread Group 1-92
2026-05-14 23:44:08,135 INFO o.a.j.t.JMeterThread: Thread finished: Thread Group 1-92
2026-05-14 23:44:08,150 INFO o.a.j.t.JMeterThread: Stopping because end time detected by thread: Thread Group 1-57
2026-05-14 23:44:08,151 INFO o.a.j.t.JMeterThread: Thread finished: Thread Group 1-57
2026-05-14 23:44:08,165 INFO o.a.j.t.JMeterThread: Stopping because end time detected by thread: Thread Group 1-36
2026-05-14 23:44:08,165 INFO o.a.j.t.JMeterThread: Thread finished: Thread Group 1-36
2026-05-14 23:44:08,179 INFO o.a.j.t.JMeterThread: Stopping because end time detected by thread: Thread Group 1-13
2026-05-14 23:44:08,180 INFO o.a.j.t.JMeterThread: Thread finished: Thread Group 1-13
2026-05-14 23:44:08,193 INFO o.a.j.t.JMeterThread: Stopping because end time detected by thread: Thread Group 1-73
2026-05-14 23:44:08,194 INFO o.a.j.t.JMeterThread: Thread finished: Thread Group 1-73
2026-05-14 23:44:08,211 INFO o.a.j.t.JMeterThread: Stopping because end time detected by thread: Thread Group 1-23
2026-05-14 23:44:08,212 INFO o.a.j.t.JMeterThread: Thread finished: Thread Group 1-23
2026-05-14 23:44:08,224 INFO o.a.j.t.JMeterThread: Stopping because end time detected by thread: Thread Group 1-20
2026-05-14 23:44:08,224 INFO o.a.j.t.JMeterThread: Thread finished: Thread Group 1-20
2026-05-14 23:44:08,251 INFO o.a.j.t.JMeterThread: Stopping because end time detected by thread: Thread Group 1-84
2026-05-14 23:44:08,252 INFO o.a.j.t.JMeterThread: Thread finished: Thread Group 1-84
2026-05-14 23:44:08,391 INFO o.a.j.t.JMeterThread: Stopping because end time detected by thread: Thread Group 1-29
2026-05-14 23:44:08,393 INFO o.a.j.t.JMeterThread: Thread finished: Thread Group 1-29
2026-05-14 23:44:08,434 INFO o.a.j.t.JMeterThread: Stopping because end time detected by thread: Thread Group 1-86
2026-05-14 23:44:08,435 INFO o.a.j.t.JMeterThread: Thread finished: Thread Group 1-86
2026-05-14 23:44:08,437 INFO o.a.j.e.StandardJMeterEngine: Notifying test listeners of end of test
2026-05-14 23:44:08,442 INFO o.a.j.r.Summariser: summary +    212 in 00:00:07 =   30.1/s Avg:  4350 Min:  3111 Max:  6472 Err:     0 (0.00%) Active: 0 Started: 100 Finished: 100
2026-05-14 23:44:08,442 INFO o.a.j.r.Summariser: summary =   3744 in 00:02:33 =   24.4/s Avg:  2741 Min:   519 Max:  6712 Err:     0 (0.00%)
2026-05-14 23:44:08,444 INFO o.a.j.JMeter: Generating Dashboard
2026-05-14 23:44:08,444 INFO o.a.j.r.d.ReportGenerator: Flushing result collector before report Generation
2026-05-14 23:44:08,476 INFO o.a.j.r.p.NormalizerSampleConsumer: Using format, 'ms', to parse timeStamp field
2026-05-14 23:44:08,595 INFO o.a.j.r.p.AbstractSampleConsumer: class org.apache.jmeter.report.processor.AggregateConsumer#stopProducing(): beginDate produced 0 samples
2026-05-14 23:44:08,595 INFO o.a.j.r.p.AbstractSampleConsumer: class org.apache.jmeter.report.processor.AggregateConsumer#stopProducing(): endDate produced 0 samples
2026-05-14 23:44:08,597 INFO o.a.j.r.p.AbstractSampleConsumer: class org.apache.jmeter.report.processor.ApdexSummaryConsumer#stopProducing(): apdexSummary produced 0 samples
2026-05-14 23:44:08,597 INFO o.a.j.r.p.AbstractSampleConsumer: class org.apache.jmeter.report.processor.RequestsSummaryConsumer#stopProducing(): requestsSummary produced 0 samples
2026-05-14 23:44:08,601 INFO o.a.j.r.p.AbstractSampleConsumer: class org.apache.jmeter.report.processor.StatisticsSummaryConsumer#stopProducing(): statisticsSummary produced 0 samples
2026-05-14 23:44:08,602 INFO o.a.j.r.p.AbstractSampleConsumer: class org.apache.jmeter.report.processor.Top5ErrorsBySamplerConsumer#stopProducing(): top5ErrorsBySampler produced 0 samples
2026-05-14 23:44:08,602 INFO o.a.j.r.p.AbstractSampleConsumer: class org.apache.jmeter.report.processor.ErrorsSummaryConsumer#stopProducing(): errorsSummary produced 0 samples
2026-05-14 23:44:08,602 INFO o.a.j.r.p.AbstractSampleConsumer: class org.apache.jmeter.report.processor.graph.impl.HitsPerSecondGraphConsumer#stopProducing(): hitsPerSecond produced 0 samples
2026-05-14 23:44:08,641 INFO o.a.j.r.p.AbstractSampleConsumer: class org.apache.jmeter.report.processor.graph.impl.LatencyVSRequestGraphConsumer#stopProducing(): latencyVsRequest produced 0 samples
2026-05-14 23:44:08,643 INFO o.a.j.r.p.AbstractSampleConsumer: class org.apache.jmeter.report.processor.graph.impl.SyntheticResponseTimeDistributionGraphConsumer#stopProducing(): syntheticResponseTimeDistribution produced 0 samples
2026-05-14 23:44:08,643 INFO o.a.j.r.p.AbstractSampleConsumer: class org.apache.jmeter.report.processor.graph.impl.BytesThroughputGraphConsumer#stopProducing(): bytesThroughputOverTime produced 0 samples
2026-05-14 23:44:08,643 INFO o.a.j.r.p.AbstractSampleConsumer: class org.apache.jmeter.report.processor.graph.impl.CodesPerSecondGraphConsumer#stopProducing(): codesPerSecond produced 0 samples
2026-05-14 23:44:08,659 INFO o.a.j.r.p.AbstractSampleConsumer: class org.apache.jmeter.report.processor.graph.impl.ResponseTimeVSRequestGraphConsumer#stopProducing(): responseTimeVsRequest produced 0 samples
2026-05-14 23:44:08,659 INFO o.a.j.r.p.AbstractSampleConsumer: class org.apache.jmeter.report.processor.FilterConsumer#stopProducing(): startIntervalControlerFilter produced 26208 samples
2026-05-14 23:44:08,659 INFO o.a.j.r.p.AbstractSampleConsumer: class org.apache.jmeter.report.processor.graph.impl.TotalTPSGraphConsumer#stopProducing(): totalTPS produced 0 samples
2026-05-14 23:44:08,659 INFO o.a.j.r.p.AbstractSampleConsumer: class org.apache.jmeter.report.processor.graph.impl.ActiveThreadsGraphConsumer#stopProducing(): activeThreadsOverTime produced 0 samples
2026-05-14 23:44:08,659 INFO o.a.j.r.p.AbstractSampleConsumer: class org.apache.jmeter.report.processor.graph.impl.TimeVSThreadGraphConsumer#stopProducing(): timeVsThreads produced 0 samples
2026-05-14 23:44:08,659 INFO o.a.j.r.p.AbstractSampleConsumer: class org.apache.jmeter.report.processor.graph.impl.ResponseTimeDistributionGraphConsumer#stopProducing(): responseTimeDistribution produced 0 samples
2026-05-14 23:44:08,660 INFO o.a.j.r.p.AbstractSampleConsumer: class org.apache.jmeter.report.processor.graph.impl.TransactionsPerSecondGraphConsumer#stopProducing(): transactionsPerSecond produced 0 samples
2026-05-14 23:44:08,660 INFO o.a.j.r.p.AbstractSampleConsumer: class org.apache.jmeter.report.processor.graph.impl.ResponseTimePercentilesGraphConsumer#stopProducing(): responseTimePercentiles produced 0 samples
2026-05-14 23:44:08,662 INFO o.a.j.r.p.AbstractSampleConsumer: class org.apache.jmeter.report.processor.graph.impl.ResponseTimePercentilesOverTimeGraphConsumer#stopProducing(): responseTimePercentilesOverTime produced 0 samples
2026-05-14 23:44:08,663 INFO o.a.j.r.p.AbstractSampleConsumer: class org.apache.jmeter.report.processor.graph.impl.ResponseTimeOverTimeGraphConsumer#stopProducing(): responseTimesOverTime produced 0 samples
2026-05-14 23:44:08,663 INFO o.a.j.r.p.AbstractSampleConsumer: class org.apache.jmeter.report.processor.graph.impl.ConnectTimeOverTimeGraphConsumer#stopProducing(): connectTimeOverTime produced 0 samples
2026-05-14 23:44:08,663 INFO o.a.j.r.p.AbstractSampleConsumer: class org.apache.jmeter.report.processor.graph.impl.LatencyOverTimeGraphConsumer#stopProducing(): latenciesOverTime produced 0 samples
2026-05-14 23:44:08,663 INFO o.a.j.r.p.AbstractSampleConsumer: class org.apache.jmeter.report.processor.FilterConsumer#stopProducing(): nameFilter produced 56160 samples
2026-05-14 23:44:08,663 INFO o.a.j.r.p.AbstractSampleConsumer: class org.apache.jmeter.report.processor.FilterConsumer#stopProducing(): dateRangeFilter produced 11232 samples
2026-05-14 23:44:08,663 INFO o.a.j.r.p.AbstractSampleConsumer: class org.apache.jmeter.report.processor.NormalizerSampleConsumer#stopProducing(): normalizer produced 3744 samples
2026-05-14 23:44:08,663 INFO o.a.j.r.p.CsvFileSampleSource: produce(): 3744 samples produced in 164ms on channel 0
2026-05-14 23:44:08,663 INFO o.a.j.r.d.ReportGenerator: Exporting data using exporter:'json' of className:'org.apache.jmeter.report.dashboard.JsonExporter'
2026-05-14 23:44:08,717 INFO o.a.j.r.d.JsonExporter: Found data for consumer statisticsSummary in context
2026-05-14 23:44:08,717 INFO o.a.j.r.d.JsonExporter: Creating statistics for overall
2026-05-14 23:44:08,717 INFO o.a.j.r.d.JsonExporter: Creating statistics for other transactions
2026-05-14 23:44:08,718 INFO o.a.j.r.d.JsonExporter: Checking output folder
2026-05-14 23:44:08,718 INFO o.a.j.r.d.JsonExporter: Writing statistics JSON to /Users/ivanmironov/Projects/itmo/testing/testing-lab-4/html_report/statistics.json
2026-05-14 23:44:08,744 INFO o.a.j.r.d.ReportGenerator: Exporting data using exporter:'html' of className:'org.apache.jmeter.report.dashboard.HtmlTemplateExporter'
2026-05-14 23:44:08,745 INFO o.a.j.r.d.HtmlTemplateExporter: Will generate dashboard in folder: /Users/ivanmironov/Projects/itmo/testing/testing-lab-4/html_report
2026-05-14 23:44:08,801 INFO o.a.j.r.d.HtmlTemplateExporter: Report will be generated in: /Users/ivanmironov/Projects/itmo/testing/testing-lab-4/html_report, creating folder structure
2026-05-14 23:44:08,803 INFO o.a.j.r.d.TemplateVisitor: Copying folder from '/Users/ivanmironov/Projects/itmo/testing/testing-lab-4/apache-jmeter-5.6.3/bin/report-template' to '/Users/ivanmironov/Projects/itmo/testing/testing-lab-4/html_report', got message: /Users/ivanmironov/Projects/itmo/testing/testing-lab-4/html_report, found non empty folder with following content [/Users/ivanmironov/Projects/itmo/testing/testing-lab-4/html_report/statistics.json], will be ignored
2026-05-14 23:44:08,989 INFO o.a.j.JMeter: Dashboard generated
